-----------------------------------------------------------------------------
> show dbs
-----------------------------------------------------------------------------
admin   0.000GB
config  0.000GB
local   0.000GB
pfizer  0.000GB
test    0.000GB
-----------------------------------------------------------------------------
> use test
-----------------------------------------------------------------------------
switched to db test
-----------------------------------------------------------------------------
> db.customers.find()
-----------------------------------------------------------------------------
{ "_id" : ObjectId("670cd7dfb443575dc1c06e36"), "empid" : 101, "empname" : "anil" }
{ "_id" : ObjectId("670cd7dfb443575dc1c06e37"), "name" : "sunil", "age" : 23, "cars" : "Suzuki", "place" : "Banglore" }
{ "_id" : ObjectId("670cd7dfb443575dc1c06e38"), "name" : "sanjay", "age" : 22, "cars" : [ "Kia" ] }
>
-----------------------------------------------------------------------------
> db.customers.remove({"empid":101})
-----------------------------------------------------------------------------
WriteResult({ "nRemoved" : 1 })
-----------------------------------------------------------------------------
> db.customers.find()
-----------------------------------------------------------------------------
{ "_id" : ObjectId("670cd7dfb443575dc1c06e37"), "name" : "sunil", "age" : 23, "cars" : "Suzuki", "place" : "Banglore" }
{ "_id" : ObjectId("670cd7dfb443575dc1c06e38"), "name" : "sanjay", "age" : 22, "cars" : [ "Kia" ] }
>
-----------------------------------------------------------------------------
> db.customers.remove()
-----------------------------------------------------------------------------
uncaught exception: Error: remove needs a query :
DBCollection.prototype._parseRemove@src/mongo/shell/collection.js:364:15
DBCollection.prototype.remove@src/mongo/shell/collection.js:394:18
@(shell):1:1
-----------------------------------------------------------------------------
> db.customers.remove({})
-----------------------------------------------------------------------------
WriteResult({ "nRemoved" : 2 })
-----------------------------------------------------------------------------
> db.customers.find()
>
-----------------------------------------------------------------------------
-----------------------------------------------------------------------------


