-----------------------------------------------------------------------------
> show dbs
-----------------------------------------------------------------------------
admin   0.000GB
config  0.000GB
local   0.000GB
pfizer  0.000GB
test    0.000GB
-----------------------------------------------------------------------------
> use test
-----------------------------------------------------------------------------
switched to db test
-----------------------------------------------------------------------------
> show collections
-----------------------------------------------------------------------------
customers
emp2
emp3
test
-----------------------------------------------------------------------------
> db.emp2.find()
-----------------------------------------------------------------------------
{ "_id" : ObjectId("670cd1beb443575dc1c06e32"), "empid" : 101, "empname" : "anil", "empage" : 24 }
{ "_id" : ObjectId("670cd6cbb443575dc1c06e33"), "empid" : 101, "empname" : "anil", "empage" : 24 }
{ "_id" : ObjectId("670cd6cbb443575dc1c06e34"), "empid" : 102, "empname" : "sunil", "empage" : 25 }
{ "_id" : ObjectId("670cd6cbb443575dc1c06e35"), "empid" : 103, "empname" : "nilay", "empage" : 26 }
-----------------------------------------------------------------------------
> db.emp2.find({},{"empid":1,"empname":1})
-----------------------------------------------------------------------------
{ "_id" : ObjectId("670cd1beb443575dc1c06e32"), "empid" : 101, "empname" : "anil" }
{ "_id" : ObjectId("670cd6cbb443575dc1c06e33"), "empid" : 101, "empname" : "anil" }
{ "_id" : ObjectId("670cd6cbb443575dc1c06e34"), "empid" : 102, "empname" : "sunil" }
{ "_id" : ObjectId("670cd6cbb443575dc1c06e35"), "empid" : 103, "empname" : "nilay" }
>
-----------------------------------------------------------------------------
> db.emp2.find({},{"empage":0})
-----------------------------------------------------------------------------
{ "_id" : ObjectId("670cd1beb443575dc1c06e32"), "empid" : 101, "empname" : "anil" }
{ "_id" : ObjectId("670cd6cbb443575dc1c06e33"), "empid" : 101, "empname" : "anil" }
{ "_id" : ObjectId("670cd6cbb443575dc1c06e34"), "empid" : 102, "empname" : "sunil" }
{ "_id" : ObjectId("670cd6cbb443575dc1c06e35"), "empid" : 103, "empname" : "nilay" }
>
-----------------------------------------------------------------------------
> db.emp2.find({},{"empid":1,"empname":1,"empage":0})
-----------------------------------------------------------------------------
Error: error: {
        "ok" : 0,
        "errmsg" : "Cannot do exclusion on field empage in inclusion projection",
        "code" : 31254,
        "codeName" : "Location31254"
}
>
-----------------------------------------------------------------------------
> db.emp2.find({},{"_id":0})
{ "empid" : 101, "empname" : "anil", "empage" : 24 }
{ "empid" : 101, "empname" : "anil", "empage" : 24 }
{ "empid" : 102, "empname" : "sunil", "empage" : 25 }
{ "empid" : 103, "empname" : "nilay", "empage" : 26 }
>
-----------------------------------------------------------------------------
> db.emp2.find({},{"empid":1,"empname":1},{"empage":0})
-----------------------------------------------------------------------------
{ "_id" : ObjectId("670cd1beb443575dc1c06e32"), "empid" : 101, "empname" : "anil" }
{ "_id" : ObjectId("670cd6cbb443575dc1c06e33"), "empid" : 101, "empname" : "anil" }
{ "_id" : ObjectId("670cd6cbb443575dc1c06e34"), "empid" : 102, "empname" : "sunil" }
{ "_id" : ObjectId("670cd6cbb443575dc1c06e35"), "empid" : 103, "empname" : "nilay" }
>
-----------------------------------------------------------------------------





