-----------------------------------------------------------------------------
> show dbs
-----------------------------------------------------------------------------
admin   0.000GB
config  0.000GB
local   0.000GB
pfizer  0.000GB
test    0.000GB
-----------------------------------------------------------------------------
> use test
-----------------------------------------------------------------------------
switched to db test
-----------------------------------------------------------------------------
> show collections
-----------------------------------------------------------------------------
customers
emp2
emp3
test
-----------------------------------------------------------------------------
> db.emp2.find()
-----------------------------------------------------------------------------
{ "_id" : ObjectId("670cd1beb443575dc1c06e32"), "empid" : 101, "empname" : "anil", "empage" : 24 }
{ "_id" : ObjectId("670cd6cbb443575dc1c06e33"), "empid" : 101, "empname" : "anil", "empage" : 24 }
{ "_id" : ObjectId("670cd6cbb443575dc1c06e34"), "empid" : 102, "empname" : "sunil", "empage" : 25 }
{ "_id" : ObjectId("670cd6cbb443575dc1c06e35"), "empid" : 103, "empname" : "nilay", "empage" : 26 }
-----------------------------------------------------------------------------
> db.emp2.update({"empname":"nilay"},{$set:{"empname":"sanjay"}})
-----------------------------------------------------------------------------
WriteResult({
        "nMatched" : 0,
        "nUpserted" : 0,
        "nModified" : 0,
        "writeError" : {
                "code" : 10003,
                "errmsg" : "Cannot change the size of a document in a capped collection: 72 != 73"
        }
})
>
-----------------------------------------------------------------------------
> db.customers.update({"name":"suresh"},{$set:{"name":"sanjay"}})
-----------------------------------------------------------------------------
WriteResult({ "nMatched" : 1, "nUpserted" : 0, "nModified" : 1 })
-----------------------------------------------------------------------------
> db.customers.find()
-----------------------------------------------------------------------------
{ "_id" : ObjectId("670cd7dfb443575dc1c06e36"), "name" : "anil", "age" : 24, "cars" : [ "BMW ", "Maruti" ], "place" : "chennai" }
{ "_id" : ObjectId("670cd7dfb443575dc1c06e37"), "name" : "sunil", "age" : 23, "cars" : [ "Honda", "Maruti" ], "place" : "Banglore" }
{ "_id" : ObjectId("670cd7dfb443575dc1c06e38"), "name" : "sanjay", "age" : 22, "cars" : [ "Kia" ] }
>
-----------------------------------------------------------------------------
> db.customers.update({"cars":"Maruti"},{$set:{"cars":"Suzuki"}},{multi:true})
-----------------------------------------------------------------------------
> db.customers.find()
-----------------------------------------------------------------------------
{ "_id" : ObjectId("670cd7dfb443575dc1c06e36"), "name" : "anil", "age" : 24, "cars" : "Suzuki", "place" : "chennai" }
{ "_id" : ObjectId("670cd7dfb443575dc1c06e37"), "name" : "sunil", "age" : 23, "cars" : "Suzuki", "place" : "Banglore" }
{ "_id" : ObjectId("670cd7dfb443575dc1c06e38"), "name" : "sanjay", "age" : 22, "cars" : [ "Kia" ] }
>
-----------------------------------------------------------------------------
-----------------------------------------------------------------------------






